Archive member included to satisfy reference by file (symbol)

/usr/lib/gcc/avr/4.9.2/../../../avr/lib/avr25/libm.a(divsf3.o)
                              main.o (__divsf3)
/usr/lib/gcc/avr/4.9.2/../../../avr/lib/avr25/libm.a(divsf3x.o)
                              /usr/lib/gcc/avr/4.9.2/../../../avr/lib/avr25/libm.a(divsf3.o) (__divsf3x)
/usr/lib/gcc/avr/4.9.2/../../../avr/lib/avr25/libm.a(fixunssfsi.o)
                              main.o (__fixunssfsi)
/usr/lib/gcc/avr/4.9.2/../../../avr/lib/avr25/libm.a(floatsisf.o)
                              main.o (__floatunsisf)
/usr/lib/gcc/avr/4.9.2/../../../avr/lib/avr25/libm.a(fp_inf.o)
                              /usr/lib/gcc/avr/4.9.2/../../../avr/lib/avr25/libm.a(divsf3x.o) (__fp_inf)
/usr/lib/gcc/avr/4.9.2/../../../avr/lib/avr25/libm.a(fp_nan.o)
                              /usr/lib/gcc/avr/4.9.2/../../../avr/lib/avr25/libm.a(divsf3x.o) (__fp_nan)
/usr/lib/gcc/avr/4.9.2/../../../avr/lib/avr25/libm.a(fp_pscA.o)
                              /usr/lib/gcc/avr/4.9.2/../../../avr/lib/avr25/libm.a(divsf3x.o) (__fp_pscA)
/usr/lib/gcc/avr/4.9.2/../../../avr/lib/avr25/libm.a(fp_pscB.o)
                              /usr/lib/gcc/avr/4.9.2/../../../avr/lib/avr25/libm.a(divsf3x.o) (__fp_pscB)
/usr/lib/gcc/avr/4.9.2/../../../avr/lib/avr25/libm.a(fp_round.o)
                              /usr/lib/gcc/avr/4.9.2/../../../avr/lib/avr25/libm.a(divsf3.o) (__fp_round)
/usr/lib/gcc/avr/4.9.2/../../../avr/lib/avr25/libm.a(fp_split3.o)
                              /usr/lib/gcc/avr/4.9.2/../../../avr/lib/avr25/libm.a(divsf3x.o) (__fp_split3)
/usr/lib/gcc/avr/4.9.2/../../../avr/lib/avr25/libm.a(fp_zero.o)
                              /usr/lib/gcc/avr/4.9.2/../../../avr/lib/avr25/libm.a(fixunssfsi.o) (__fp_zero)
/usr/lib/gcc/avr/4.9.2/../../../avr/lib/avr25/libm.a(mulsf3.o)
                              main.o (__mulsf3)
/usr/lib/gcc/avr/4.9.2/../../../avr/lib/avr25/libm.a(mulsf3x.o)
                              /usr/lib/gcc/avr/4.9.2/../../../avr/lib/avr25/libm.a(mulsf3.o) (__mulsf3x)
/usr/lib/gcc/avr/4.9.2/avr25/libgcc.a(_exit.o)
                              /usr/lib/gcc/avr/4.9.2/../../../avr/lib/avr25/crtattiny861.o (exit)
/usr/lib/gcc/avr/4.9.2/avr25/libgcc.a(_clear_bss.o)
                              main.o (__do_clear_bss)

Allocating common symbols
Common symbol       size              file

i2c_reg             0xfe              main.o
led_data            0x3c              main.o

Memory Configuration

Name             Origin             Length             Attributes
text             0x00000000         0x00002000         xr
data             0x00800060         0x0000ffa0         rw !x
eeprom           0x00810000         0x00010000         rw !x
fuse             0x00820000         0x00000400         rw !x
lock             0x00830000         0x00000400         rw !x
signature        0x00840000         0x00000400         rw !x
user_signatures  0x00850000         0x00000400         rw !x
*default*        0x00000000         0xffffffff

Linker script and memory map

LOAD /usr/lib/gcc/avr/4.9.2/../../../avr/lib/avr25/crtattiny861.o
LOAD main.o
LOAD i2c/i2c_machine.o
LOAD ws2812/light_ws2812.o
LOAD /usr/lib/gcc/avr/4.9.2/../../../avr/lib/avr25/libm.a
START GROUP
LOAD /usr/lib/gcc/avr/4.9.2/avr25/libgcc.a
LOAD /usr/lib/gcc/avr/4.9.2/../../../avr/lib/avr25/libm.a
LOAD /usr/lib/gcc/avr/4.9.2/../../../avr/lib/avr25/libc.a
LOAD /usr/lib/gcc/avr/4.9.2/../../../avr/lib/avr25/libattiny861.a
END GROUP

.hash
 *(.hash)

.dynsym
 *(.dynsym)

.dynstr
 *(.dynstr)

.gnu.version
 *(.gnu.version)

.gnu.version_d
 *(.gnu.version_d)

.gnu.version_r
 *(.gnu.version_r)

.rel.init
 *(.rel.init)

.rela.init
 *(.rela.init)

.rel.text
 *(.rel.text)
 *(.rel.text.*)
 *(.rel.gnu.linkonce.t*)

.rela.text
 *(.rela.text)
 *(.rela.text.*)
 *(.rela.gnu.linkonce.t*)

.rel.fini
 *(.rel.fini)

.rela.fini
 *(.rela.fini)

.rel.rodata
 *(.rel.rodata)
 *(.rel.rodata.*)
 *(.rel.gnu.linkonce.r*)

.rela.rodata
 *(.rela.rodata)
 *(.rela.rodata.*)
 *(.rela.gnu.linkonce.r*)

.rel.data
 *(.rel.data)
 *(.rel.data.*)
 *(.rel.gnu.linkonce.d*)

.rela.data
 *(.rela.data)
 *(.rela.data.*)
 *(.rela.gnu.linkonce.d*)

.rel.ctors
 *(.rel.ctors)

.rela.ctors
 *(.rela.ctors)

.rel.dtors
 *(.rel.dtors)

.rela.dtors
 *(.rela.dtors)

.rel.got
 *(.rel.got)

.rela.got
 *(.rela.got)

.rel.bss
 *(.rel.bss)

.rela.bss
 *(.rela.bss)

.rel.plt
 *(.rel.plt)

.rela.plt
 *(.rela.plt)

.text           0x00000000      0x8ac
 *(.vectors)
 .vectors       0x00000000       0x26 /usr/lib/gcc/avr/4.9.2/../../../avr/lib/avr25/crtattiny861.o
                0x00000000                __vectors
                0x00000000                __vector_default
 *(.vectors)
 *(.progmem.gcc*)
                0x00000026                . = ALIGN (0x2)
                0x00000026                __trampolines_start = .
 *(.trampolines)
 .trampolines   0x00000026        0x0 linker stubs
 *(.trampolines*)
                0x00000026                __trampolines_end = .
 *(.progmem*)
 .progmem.data  0x00000026        0x3 main.o
                0x00000026                init_color
                0x0000002a                . = ALIGN (0x2)
 *fill*         0x00000029        0x1 
 *(.jumptables)
 *(.jumptables*)
 *(.lowtext)
 *(.lowtext*)
                0x0000002a                __ctors_start = .
 *(.ctors)
                0x0000002a                __ctors_end = .
                0x0000002a                __dtors_start = .
 *(.dtors)
                0x0000002a                __dtors_end = .
 SORT(*)(.ctors)
 SORT(*)(.dtors)
 *(.init0)
 .init0         0x0000002a        0x0 /usr/lib/gcc/avr/4.9.2/../../../avr/lib/avr25/crtattiny861.o
                0x0000002a                __init
 *(.init0)
 *(.init1)
 *(.init1)
 *(.init2)
 .init2         0x0000002a        0xc /usr/lib/gcc/avr/4.9.2/../../../avr/lib/avr25/crtattiny861.o
 *(.init2)
 *(.init3)
 *(.init3)
 *(.init4)
 .init4         0x00000036       0x10 /usr/lib/gcc/avr/4.9.2/avr25/libgcc.a(_clear_bss.o)
                0x00000036                __do_clear_bss
 *(.init4)
 *(.init5)
 *(.init5)
 *(.init6)
 *(.init6)
 *(.init7)
 *(.init7)
 *(.init8)
 *(.init8)
 *(.init9)
 .init9         0x00000046        0x4 /usr/lib/gcc/avr/4.9.2/../../../avr/lib/avr25/crtattiny861.o
 *(.init9)
 *(.text)
 .text          0x0000004a        0x2 /usr/lib/gcc/avr/4.9.2/../../../avr/lib/avr25/crtattiny861.o
                0x0000004a                __vector_1
                0x0000004a                __vector_12
                0x0000004a                __bad_interrupt
                0x0000004a                __vector_6
                0x0000004a                __vector_3
                0x0000004a                __vector_11
                0x0000004a                __vector_13
                0x0000004a                __vector_17
                0x0000004a                __vector_5
                0x0000004a                __vector_4
                0x0000004a                __vector_9
                0x0000004a                __vector_2
                0x0000004a                __vector_15
                0x0000004a                __vector_14
                0x0000004a                __vector_10
                0x0000004a                __vector_16
                0x0000004a                __vector_18
 .text          0x0000004c      0x190 main.o
                0x000000ba                do_reset
                0x0000010e                swirly
 .text          0x000001dc      0x1a6 i2c/i2c_machine.o
                0x000001dc                __vector_7
                0x00000200                __vector_8
                0x00000324                i2c_init
                0x0000033c                i2c_transaction_ongoing
                0x00000352                i2c_check_stop
 .text          0x00000382      0x180 ws2812/light_ws2812.o
                0x0000039a                ws2812_setleds_constant
                0x0000040c                ws2812_setleds_constant_rgbw
                0x0000047e                ws2812_sendarray_mask
                0x000004ce                ws2812_setleds_pin
                0x000004e4                ws2812_setleds
                0x000004e8                ws2812_setleds_rgbw
                0x000004fe                ws2812_sendarray
 .text          0x00000502        0x0 /usr/lib/gcc/avr/4.9.2/../../../avr/lib/avr25/libm.a(divsf3.o)
 .text          0x00000502        0x0 /usr/lib/gcc/avr/4.9.2/../../../avr/lib/avr25/libm.a(divsf3x.o)
 .text          0x00000502        0x0 /usr/lib/gcc/avr/4.9.2/../../../avr/lib/avr25/libm.a(fixunssfsi.o)
 .text          0x00000502        0x0 /usr/lib/gcc/avr/4.9.2/../../../avr/lib/avr25/libm.a(floatsisf.o)
 .text          0x00000502        0x0 /usr/lib/gcc/avr/4.9.2/../../../avr/lib/avr25/libm.a(fp_inf.o)
 .text          0x00000502        0x0 /usr/lib/gcc/avr/4.9.2/../../../avr/lib/avr25/libm.a(fp_nan.o)
 .text          0x00000502        0x0 /usr/lib/gcc/avr/4.9.2/../../../avr/lib/avr25/libm.a(fp_pscA.o)
 .text          0x00000502        0x0 /usr/lib/gcc/avr/4.9.2/../../../avr/lib/avr25/libm.a(fp_pscB.o)
 .text          0x00000502        0x0 /usr/lib/gcc/avr/4.9.2/../../../avr/lib/avr25/libm.a(fp_round.o)
 .text          0x00000502        0x0 /usr/lib/gcc/avr/4.9.2/../../../avr/lib/avr25/libm.a(fp_split3.o)
 .text          0x00000502        0x0 /usr/lib/gcc/avr/4.9.2/../../../avr/lib/avr25/libm.a(fp_zero.o)
 .text          0x00000502        0x0 /usr/lib/gcc/avr/4.9.2/../../../avr/lib/avr25/libm.a(mulsf3.o)
 .text          0x00000502        0x0 /usr/lib/gcc/avr/4.9.2/../../../avr/lib/avr25/libm.a(mulsf3x.o)
 .text          0x00000502        0x0 /usr/lib/gcc/avr/4.9.2/avr25/libgcc.a(_exit.o)
 .text          0x00000502        0x0 /usr/lib/gcc/avr/4.9.2/avr25/libgcc.a(_clear_bss.o)
                0x00000502                . = ALIGN (0x2)
 *(.text.*)
 .text.startup  0x00000502       0x8c main.o
                0x00000502                main
 .text.avr-libc.fplib
                0x0000058e        0x4 /usr/lib/gcc/avr/4.9.2/../../../avr/lib/avr25/libm.a(divsf3.o)
                0x0000058e                __divsf3
 .text.avr-libc.fplib
                0x00000592       0xcc /usr/lib/gcc/avr/4.9.2/../../../avr/lib/avr25/libm.a(divsf3x.o)
                0x000005a8                __divsf3x
                0x000005ac                __divsf3_pse
 .text.avr-libc.fplib
                0x0000065e       0x58 /usr/lib/gcc/avr/4.9.2/../../../avr/lib/avr25/libm.a(fixunssfsi.o)
                0x0000065e                __fixunssfsi
 .text.avr-libc.fplib
                0x000006b6       0x7a /usr/lib/gcc/avr/4.9.2/../../../avr/lib/avr25/libm.a(floatsisf.o)
                0x000006b6                __floatunsisf
                0x000006ba                __floatsisf
 .text.avr-libc.fplib
                0x00000730        0xc /usr/lib/gcc/avr/4.9.2/../../../avr/lib/avr25/libm.a(fp_inf.o)
                0x00000730                __fp_inf
 .text.avr-libc.fplib
                0x0000073c        0x6 /usr/lib/gcc/avr/4.9.2/../../../avr/lib/avr25/libm.a(fp_nan.o)
                0x0000073c                __fp_nan
 .text.avr-libc.fplib
                0x00000742        0xe /usr/lib/gcc/avr/4.9.2/../../../avr/lib/avr25/libm.a(fp_pscA.o)
                0x00000742                __fp_pscA
 .text.avr-libc.fplib
                0x00000750        0xe /usr/lib/gcc/avr/4.9.2/../../../avr/lib/avr25/libm.a(fp_pscB.o)
                0x00000750                __fp_pscB
 .text.avr-libc.fplib
                0x0000075e       0x22 /usr/lib/gcc/avr/4.9.2/../../../avr/lib/avr25/libm.a(fp_round.o)
                0x0000075e                __fp_round
 .text.avr-libc.fplib
                0x00000780       0x44 /usr/lib/gcc/avr/4.9.2/../../../avr/lib/avr25/libm.a(fp_split3.o)
                0x00000780                __fp_split3
                0x00000790                __fp_splitA
 .text.avr-libc.fplib
                0x000007c4        0xe /usr/lib/gcc/avr/4.9.2/../../../avr/lib/avr25/libm.a(fp_zero.o)
                0x000007c4                __fp_zero
                0x000007c6                __fp_szero
 .text.avr-libc.fplib
                0x000007d2        0x4 /usr/lib/gcc/avr/4.9.2/../../../avr/lib/avr25/libm.a(mulsf3.o)
                0x000007d2                __mulsf3
 .text.avr-libc.fplib
                0x000007d6       0xd2 /usr/lib/gcc/avr/4.9.2/../../../avr/lib/avr25/libm.a(mulsf3x.o)
                0x000007e8                __mulsf3x
                0x000007ec                __mulsf3_pse
 .text.libgcc.mul
                0x000008a8        0x0 /usr/lib/gcc/avr/4.9.2/avr25/libgcc.a(_exit.o)
 .text.libgcc.div
                0x000008a8        0x0 /usr/lib/gcc/avr/4.9.2/avr25/libgcc.a(_exit.o)
 .text.libgcc   0x000008a8        0x0 /usr/lib/gcc/avr/4.9.2/avr25/libgcc.a(_exit.o)
 .text.libgcc.prologue
                0x000008a8        0x0 /usr/lib/gcc/avr/4.9.2/avr25/libgcc.a(_exit.o)
 .text.libgcc.builtins
                0x000008a8        0x0 /usr/lib/gcc/avr/4.9.2/avr25/libgcc.a(_exit.o)
 .text.libgcc.fmul
                0x000008a8        0x0 /usr/lib/gcc/avr/4.9.2/avr25/libgcc.a(_exit.o)
 .text.libgcc.fixed
                0x000008a8        0x0 /usr/lib/gcc/avr/4.9.2/avr25/libgcc.a(_exit.o)
 .text.libgcc.mul
                0x000008a8        0x0 /usr/lib/gcc/avr/4.9.2/avr25/libgcc.a(_clear_bss.o)
 .text.libgcc.div
                0x000008a8        0x0 /usr/lib/gcc/avr/4.9.2/avr25/libgcc.a(_clear_bss.o)
 .text.libgcc   0x000008a8        0x0 /usr/lib/gcc/avr/4.9.2/avr25/libgcc.a(_clear_bss.o)
 .text.libgcc.prologue
                0x000008a8        0x0 /usr/lib/gcc/avr/4.9.2/avr25/libgcc.a(_clear_bss.o)
 .text.libgcc.builtins
                0x000008a8        0x0 /usr/lib/gcc/avr/4.9.2/avr25/libgcc.a(_clear_bss.o)
 .text.libgcc.fmul
                0x000008a8        0x0 /usr/lib/gcc/avr/4.9.2/avr25/libgcc.a(_clear_bss.o)
 .text.libgcc.fixed
                0x000008a8        0x0 /usr/lib/gcc/avr/4.9.2/avr25/libgcc.a(_clear_bss.o)
                0x000008a8                . = ALIGN (0x2)
 *(.fini9)
 .fini9         0x000008a8        0x0 /usr/lib/gcc/avr/4.9.2/avr25/libgcc.a(_exit.o)
                0x000008a8                exit
                0x000008a8                _exit
 *(.fini9)
 *(.fini8)
 *(.fini8)
 *(.fini7)
 *(.fini7)
 *(.fini6)
 *(.fini6)
 *(.fini5)
 *(.fini5)
 *(.fini4)
 *(.fini4)
 *(.fini3)
 *(.fini3)
 *(.fini2)
 *(.fini2)
 *(.fini1)
 *(.fini1)
 *(.fini0)
 .fini0         0x000008a8        0x4 /usr/lib/gcc/avr/4.9.2/avr25/libgcc.a(_exit.o)
 *(.fini0)
                0x000008ac                _etext = .

.data           0x00800060        0x0 load address 0x000008ac
                0x00800060                PROVIDE (__data_start, .)
 *(.data)
 .data          0x00800060        0x0 /usr/lib/gcc/avr/4.9.2/../../../avr/lib/avr25/crtattiny861.o
 .data          0x00800060        0x0 main.o
 .data          0x00800060        0x0 i2c/i2c_machine.o
 .data          0x00800060        0x0 ws2812/light_ws2812.o
 .data          0x00800060        0x0 /usr/lib/gcc/avr/4.9.2/../../../avr/lib/avr25/libm.a(divsf3.o)
 .data          0x00800060        0x0 /usr/lib/gcc/avr/4.9.2/../../../avr/lib/avr25/libm.a(divsf3x.o)
 .data          0x00800060        0x0 /usr/lib/gcc/avr/4.9.2/../../../avr/lib/avr25/libm.a(fixunssfsi.o)
 .data          0x00800060        0x0 /usr/lib/gcc/avr/4.9.2/../../../avr/lib/avr25/libm.a(floatsisf.o)
 .data          0x00800060        0x0 /usr/lib/gcc/avr/4.9.2/../../../avr/lib/avr25/libm.a(fp_inf.o)
 .data          0x00800060        0x0 /usr/lib/gcc/avr/4.9.2/../../../avr/lib/avr25/libm.a(fp_nan.o)
 .data          0x00800060        0x0 /usr/lib/gcc/avr/4.9.2/../../../avr/lib/avr25/libm.a(fp_pscA.o)
 .data          0x00800060        0x0 /usr/lib/gcc/avr/4.9.2/../../../avr/lib/avr25/libm.a(fp_pscB.o)
 .data          0x00800060        0x0 /usr/lib/gcc/avr/4.9.2/../../../avr/lib/avr25/libm.a(fp_round.o)
 .data          0x00800060        0x0 /usr/lib/gcc/avr/4.9.2/../../../avr/lib/avr25/libm.a(fp_split3.o)
 .data          0x00800060        0x0 /usr/lib/gcc/avr/4.9.2/../../../avr/lib/avr25/libm.a(fp_zero.o)
 .data          0x00800060        0x0 /usr/lib/gcc/avr/4.9.2/../../../avr/lib/avr25/libm.a(mulsf3.o)
 .data          0x00800060        0x0 /usr/lib/gcc/avr/4.9.2/../../../avr/lib/avr25/libm.a(mulsf3x.o)
 .data          0x00800060        0x0 /usr/lib/gcc/avr/4.9.2/avr25/libgcc.a(_exit.o)
 .data          0x00800060        0x0 /usr/lib/gcc/avr/4.9.2/avr25/libgcc.a(_clear_bss.o)
 *(.data*)
 *(.rodata)
 *(.rodata*)
 *(.gnu.linkonce.d*)
                0x00800060                . = ALIGN (0x2)
                0x00800060                _edata = .
                0x00800060                PROVIDE (__data_end, .)

.bss            0x00800060      0x13e
                0x00800060                PROVIDE (__bss_start, .)
 *(.bss)
 .bss           0x00800060        0x0 /usr/lib/gcc/avr/4.9.2/../../../avr/lib/avr25/crtattiny861.o
 .bss           0x00800060        0x0 main.o
 .bss           0x00800060        0x4 i2c/i2c_machine.o
                0x00800060                i2c_offset
                0x00800061                i2c_state
                0x00800062                i2c_update
 .bss           0x00800064        0x0 ws2812/light_ws2812.o
 .bss           0x00800064        0x0 /usr/lib/gcc/avr/4.9.2/../../../avr/lib/avr25/libm.a(divsf3.o)
 .bss           0x00800064        0x0 /usr/lib/gcc/avr/4.9.2/../../../avr/lib/avr25/libm.a(divsf3x.o)
 .bss           0x00800064        0x0 /usr/lib/gcc/avr/4.9.2/../../../avr/lib/avr25/libm.a(fixunssfsi.o)
 .bss           0x00800064        0x0 /usr/lib/gcc/avr/4.9.2/../../../avr/lib/avr25/libm.a(floatsisf.o)
 .bss           0x00800064        0x0 /usr/lib/gcc/avr/4.9.2/../../../avr/lib/avr25/libm.a(fp_inf.o)
 .bss           0x00800064        0x0 /usr/lib/gcc/avr/4.9.2/../../../avr/lib/avr25/libm.a(fp_nan.o)
 .bss           0x00800064        0x0 /usr/lib/gcc/avr/4.9.2/../../../avr/lib/avr25/libm.a(fp_pscA.o)
 .bss           0x00800064        0x0 /usr/lib/gcc/avr/4.9.2/../../../avr/lib/avr25/libm.a(fp_pscB.o)
 .bss           0x00800064        0x0 /usr/lib/gcc/avr/4.9.2/../../../avr/lib/avr25/libm.a(fp_round.o)
 .bss           0x00800064        0x0 /usr/lib/gcc/avr/4.9.2/../../../avr/lib/avr25/libm.a(fp_split3.o)
 .bss           0x00800064        0x0 /usr/lib/gcc/avr/4.9.2/../../../avr/lib/avr25/libm.a(fp_zero.o)
 .bss           0x00800064        0x0 /usr/lib/gcc/avr/4.9.2/../../../avr/lib/avr25/libm.a(mulsf3.o)
 .bss           0x00800064        0x0 /usr/lib/gcc/avr/4.9.2/../../../avr/lib/avr25/libm.a(mulsf3x.o)
 .bss           0x00800064        0x0 /usr/lib/gcc/avr/4.9.2/avr25/libgcc.a(_exit.o)
 .bss           0x00800064        0x0 /usr/lib/gcc/avr/4.9.2/avr25/libgcc.a(_clear_bss.o)
 *(.bss*)
 *(COMMON)
 COMMON         0x00800064      0x13a main.o
                0x00800064                i2c_reg
                0x00800162                led_data
                0x0080019e                PROVIDE (__bss_end, .)
                0x000008ac                __data_load_start = LOADADDR (.data)
                0x000008ac                __data_load_end = (__data_load_start + SIZEOF (.data))

.noinit         0x0080019e        0x0
                0x0080019e                PROVIDE (__noinit_start, .)
 *(.noinit*)
                0x0080019e                PROVIDE (__noinit_end, .)
                0x0080019e                _end = .
                0x0080019e                PROVIDE (__heap_start, .)

.eeprom         0x00810000        0x0
 *(.eeprom*)
                0x00810000                __eeprom_end = .

.fuse
 *(.fuse)
 *(.lfuse)
 *(.hfuse)
 *(.efuse)

.lock
 *(.lock*)

.signature
 *(.signature*)

.user_signatures
 *(.user_signatures*)

.stab           0x00000000     0x19d4
 *(.stab)
 .stab          0x00000000      0xa20 main.o
 .stab          0x00000a20      0x78c i2c/i2c_machine.o
                                0x948 (size before relaxing)
 .stab          0x000011ac      0x828 ws2812/light_ws2812.o
                                0xa14 (size before relaxing)

.stabstr        0x00000000     0x109f
 *(.stabstr)
 .stabstr       0x00000000     0x109f main.o

.stab.excl
 *(.stab.excl)

.stab.exclstr
 *(.stab.exclstr)

.stab.index
 *(.stab.index)

.stab.indexstr
 *(.stab.indexstr)

.comment        0x00000000       0x11
 *(.comment)
 .comment       0x00000000       0x11 main.o
                                 0x12 (size before relaxing)
 .comment       0x00000011       0x12 i2c/i2c_machine.o
 .comment       0x00000011       0x12 ws2812/light_ws2812.o

.note.gnu.avr.deviceinfo
                0x00000000       0x3c
 .note.gnu.avr.deviceinfo
                0x00000000       0x3c /usr/lib/gcc/avr/4.9.2/../../../avr/lib/avr25/crtattiny861.o

.note.gnu.build-id
 *(.note.gnu.build-id)

.debug
 *(.debug)

.line
 *(.line)

.debug_srcinfo
 *(.debug_srcinfo)

.debug_sfnames
 *(.debug_sfnames)

.debug_aranges
 *(.debug_aranges)

.debug_pubnames
 *(.debug_pubnames)

.debug_info
 *(.debug_info .gnu.linkonce.wi.*)

.debug_abbrev
 *(.debug_abbrev)

.debug_line
 *(.debug_line .debug_line.* .debug_line_end)

.debug_frame
 *(.debug_frame)

.debug_str
 *(.debug_str)

.debug_loc
 *(.debug_loc)

.debug_macinfo
 *(.debug_macinfo)

.debug_weaknames
 *(.debug_weaknames)

.debug_funcnames
 *(.debug_funcnames)

.debug_typenames
 *(.debug_typenames)

.debug_varnames
 *(.debug_varnames)

.debug_pubtypes
 *(.debug_pubtypes)

.debug_ranges
 *(.debug_ranges)

.debug_macro
 *(.debug_macro)
OUTPUT(main.elf elf32-avr)
LOAD linker stubs

Cross Reference Table

Symbol                                            File
__bad_interrupt                                   /usr/lib/gcc/avr/4.9.2/../../../avr/lib/avr25/crtattiny861.o
__bss_end                                         /usr/lib/gcc/avr/4.9.2/avr25/libgcc.a(_clear_bss.o)
__bss_start                                       /usr/lib/gcc/avr/4.9.2/avr25/libgcc.a(_clear_bss.o)
__divsf3                                          /usr/lib/gcc/avr/4.9.2/../../../avr/lib/avr25/libm.a(divsf3.o)
                                                  main.o
__divsf3_pse                                      /usr/lib/gcc/avr/4.9.2/../../../avr/lib/avr25/libm.a(divsf3x.o)
__divsf3x                                         /usr/lib/gcc/avr/4.9.2/../../../avr/lib/avr25/libm.a(divsf3x.o)
                                                  /usr/lib/gcc/avr/4.9.2/../../../avr/lib/avr25/libm.a(divsf3.o)
__do_clear_bss                                    /usr/lib/gcc/avr/4.9.2/avr25/libgcc.a(_clear_bss.o)
                                                  i2c/i2c_machine.o
                                                  main.o
__fixunssfsi                                      /usr/lib/gcc/avr/4.9.2/../../../avr/lib/avr25/libm.a(fixunssfsi.o)
                                                  main.o
__floatsisf                                       /usr/lib/gcc/avr/4.9.2/../../../avr/lib/avr25/libm.a(floatsisf.o)
__floatunsisf                                     /usr/lib/gcc/avr/4.9.2/../../../avr/lib/avr25/libm.a(floatsisf.o)
                                                  main.o
__fp_inf                                          /usr/lib/gcc/avr/4.9.2/../../../avr/lib/avr25/libm.a(fp_inf.o)
                                                  /usr/lib/gcc/avr/4.9.2/../../../avr/lib/avr25/libm.a(mulsf3x.o)
                                                  /usr/lib/gcc/avr/4.9.2/../../../avr/lib/avr25/libm.a(divsf3x.o)
__fp_nan                                          /usr/lib/gcc/avr/4.9.2/../../../avr/lib/avr25/libm.a(fp_nan.o)
                                                  /usr/lib/gcc/avr/4.9.2/../../../avr/lib/avr25/libm.a(mulsf3x.o)
                                                  /usr/lib/gcc/avr/4.9.2/../../../avr/lib/avr25/libm.a(divsf3x.o)
__fp_pscA                                         /usr/lib/gcc/avr/4.9.2/../../../avr/lib/avr25/libm.a(fp_pscA.o)
                                                  /usr/lib/gcc/avr/4.9.2/../../../avr/lib/avr25/libm.a(mulsf3x.o)
                                                  /usr/lib/gcc/avr/4.9.2/../../../avr/lib/avr25/libm.a(divsf3x.o)
__fp_pscB                                         /usr/lib/gcc/avr/4.9.2/../../../avr/lib/avr25/libm.a(fp_pscB.o)
                                                  /usr/lib/gcc/avr/4.9.2/../../../avr/lib/avr25/libm.a(mulsf3x.o)
                                                  /usr/lib/gcc/avr/4.9.2/../../../avr/lib/avr25/libm.a(divsf3x.o)
__fp_round                                        /usr/lib/gcc/avr/4.9.2/../../../avr/lib/avr25/libm.a(fp_round.o)
                                                  /usr/lib/gcc/avr/4.9.2/../../../avr/lib/avr25/libm.a(mulsf3.o)
                                                  /usr/lib/gcc/avr/4.9.2/../../../avr/lib/avr25/libm.a(divsf3.o)
__fp_split3                                       /usr/lib/gcc/avr/4.9.2/../../../avr/lib/avr25/libm.a(fp_split3.o)
                                                  /usr/lib/gcc/avr/4.9.2/../../../avr/lib/avr25/libm.a(mulsf3x.o)
                                                  /usr/lib/gcc/avr/4.9.2/../../../avr/lib/avr25/libm.a(divsf3x.o)
__fp_splitA                                       /usr/lib/gcc/avr/4.9.2/../../../avr/lib/avr25/libm.a(fp_split3.o)
                                                  /usr/lib/gcc/avr/4.9.2/../../../avr/lib/avr25/libm.a(fixunssfsi.o)
__fp_szero                                        /usr/lib/gcc/avr/4.9.2/../../../avr/lib/avr25/libm.a(fp_zero.o)
                                                  /usr/lib/gcc/avr/4.9.2/../../../avr/lib/avr25/libm.a(mulsf3x.o)
                                                  /usr/lib/gcc/avr/4.9.2/../../../avr/lib/avr25/libm.a(divsf3x.o)
__fp_zero                                         /usr/lib/gcc/avr/4.9.2/../../../avr/lib/avr25/libm.a(fp_zero.o)
                                                  /usr/lib/gcc/avr/4.9.2/../../../avr/lib/avr25/libm.a(fixunssfsi.o)
__heap_end                                        /usr/lib/gcc/avr/4.9.2/../../../avr/lib/avr25/crtattiny861.o
__init                                            /usr/lib/gcc/avr/4.9.2/../../../avr/lib/avr25/crtattiny861.o
__mulsf3                                          /usr/lib/gcc/avr/4.9.2/../../../avr/lib/avr25/libm.a(mulsf3.o)
                                                  main.o
__mulsf3_pse                                      /usr/lib/gcc/avr/4.9.2/../../../avr/lib/avr25/libm.a(mulsf3x.o)
__mulsf3x                                         /usr/lib/gcc/avr/4.9.2/../../../avr/lib/avr25/libm.a(mulsf3x.o)
                                                  /usr/lib/gcc/avr/4.9.2/../../../avr/lib/avr25/libm.a(mulsf3.o)
__stack                                           /usr/lib/gcc/avr/4.9.2/../../../avr/lib/avr25/crtattiny861.o
__vector_1                                        /usr/lib/gcc/avr/4.9.2/../../../avr/lib/avr25/crtattiny861.o
__vector_10                                       /usr/lib/gcc/avr/4.9.2/../../../avr/lib/avr25/crtattiny861.o
__vector_11                                       /usr/lib/gcc/avr/4.9.2/../../../avr/lib/avr25/crtattiny861.o
__vector_12                                       /usr/lib/gcc/avr/4.9.2/../../../avr/lib/avr25/crtattiny861.o
__vector_13                                       /usr/lib/gcc/avr/4.9.2/../../../avr/lib/avr25/crtattiny861.o
__vector_14                                       /usr/lib/gcc/avr/4.9.2/../../../avr/lib/avr25/crtattiny861.o
__vector_15                                       /usr/lib/gcc/avr/4.9.2/../../../avr/lib/avr25/crtattiny861.o
__vector_16                                       /usr/lib/gcc/avr/4.9.2/../../../avr/lib/avr25/crtattiny861.o
__vector_17                                       /usr/lib/gcc/avr/4.9.2/../../../avr/lib/avr25/crtattiny861.o
__vector_18                                       /usr/lib/gcc/avr/4.9.2/../../../avr/lib/avr25/crtattiny861.o
__vector_2                                        /usr/lib/gcc/avr/4.9.2/../../../avr/lib/avr25/crtattiny861.o
__vector_3                                        /usr/lib/gcc/avr/4.9.2/../../../avr/lib/avr25/crtattiny861.o
__vector_4                                        /usr/lib/gcc/avr/4.9.2/../../../avr/lib/avr25/crtattiny861.o
__vector_5                                        /usr/lib/gcc/avr/4.9.2/../../../avr/lib/avr25/crtattiny861.o
__vector_6                                        /usr/lib/gcc/avr/4.9.2/../../../avr/lib/avr25/crtattiny861.o
__vector_7                                        i2c/i2c_machine.o
                                                  /usr/lib/gcc/avr/4.9.2/../../../avr/lib/avr25/crtattiny861.o
__vector_8                                        i2c/i2c_machine.o
                                                  /usr/lib/gcc/avr/4.9.2/../../../avr/lib/avr25/crtattiny861.o
__vector_9                                        /usr/lib/gcc/avr/4.9.2/../../../avr/lib/avr25/crtattiny861.o
__vector_default                                  /usr/lib/gcc/avr/4.9.2/../../../avr/lib/avr25/crtattiny861.o
__vectors                                         /usr/lib/gcc/avr/4.9.2/../../../avr/lib/avr25/crtattiny861.o
_exit                                             /usr/lib/gcc/avr/4.9.2/avr25/libgcc.a(_exit.o)
do_reset                                          main.o
exit                                              /usr/lib/gcc/avr/4.9.2/avr25/libgcc.a(_exit.o)
                                                  /usr/lib/gcc/avr/4.9.2/../../../avr/lib/avr25/crtattiny861.o
i2c_check_stop                                    i2c/i2c_machine.o
                                                  main.o
i2c_init                                          i2c/i2c_machine.o
                                                  main.o
i2c_offset                                        i2c/i2c_machine.o
i2c_reg                                           main.o
                                                  i2c/i2c_machine.o
i2c_state                                         i2c/i2c_machine.o
i2c_transaction_ongoing                           i2c/i2c_machine.o
i2c_update                                        i2c/i2c_machine.o
init_color                                        main.o
led_data                                          main.o
main                                              main.o
                                                  /usr/lib/gcc/avr/4.9.2/../../../avr/lib/avr25/crtattiny861.o
swirly                                            main.o
ws2812_sendarray                                  ws2812/light_ws2812.o
                                                  main.o
ws2812_sendarray_mask                             ws2812/light_ws2812.o
ws2812_setleds                                    ws2812/light_ws2812.o
ws2812_setleds_constant                           ws2812/light_ws2812.o
                                                  main.o
ws2812_setleds_constant_rgbw                      ws2812/light_ws2812.o
ws2812_setleds_pin                                ws2812/light_ws2812.o
ws2812_setleds_rgbw                               ws2812/light_ws2812.o
